
> vyay@0.1.0 test
> vitest --run


 RUN  v1.6.1 /Users/tarunyakesh/Desktop/Internships/credex/PreinternTask1

 ❯ src/pages/LandingPage.spec.tsx  (0 test)

⎯⎯⎯⎯⎯⎯ Failed Suites 1 ⎯⎯⎯⎯⎯⎯⎯

 FAIL  src/pages/LandingPage.spec.tsx [ src/pages/LandingPage.spec.tsx ]
Error: Failed to resolve import "../shared" from "src/components/landing/LandingComponents.tsx". Does the file exist?
 ❯ TransformPluginContext._formatError node_modules/vite/dist/node/chunks/dep-BK3b2jBa.js:49258:41
 ❯ TransformPluginContext.error node_modules/vite/dist/node/chunks/dep-BK3b2jBa.js:49253:16
 ❯ normalizeUrl node_modules/vite/dist/node/chunks/dep-BK3b2jBa.js:64307:23
 ❯ async file:/Users/tarunyakesh/Desktop/Internships/credex/PreinternTask1/node_modules/vite/dist/node/chunks/dep-BK3b2jBa.js:64439:39
 ❯ TransformPluginContext.transform node_modules/vite/dist/node/chunks/dep-BK3b2jBa.js:64366:7
 ❯ PluginContainer.transform node_modules/vite/dist/node/chunks/dep-BK3b2jBa.js:49099:18
 ❯ loadAndTransform node_modules/vite/dist/node/chunks/dep-BK3b2jBa.js:51978:27

⎯⎯⎯⎯⎯⎯⎯⎯⎯⎯⎯⎯⎯⎯⎯⎯⎯⎯⎯⎯⎯⎯⎯⎯[1/1]⎯

 Test Files  1 failed (1)
      Tests  no tests
   Start at  23:20:31
   Duration  545ms (transform 25ms, setup 175ms, collect 0ms, tests 0ms, environment 142ms, prepare 34ms)

